2025-07-10 14:02:11 | DEBUG    | trading_bot.client | BinanceClient initialised (base_url=https://testnet.binancefuture.com)
2025-07-10 14:02:11 | INFO     | trading_bot.orders | Order request | symbol=BTCUSDT side=BUY type=MARKET qty=0.001 price=None stopPrice=None tif=GTC
2025-07-10 14:02:11 | DEBUG    | trading_bot.client | → POST /order | params={'symbol': 'BTCUSDT', 'side': 'BUY', 'type': 'MARKET', 'quantity': '0.001', 'reduceOnly': 'false', 'timestamp': 1720616531482}
2025-07-10 14:02:12 | DEBUG    | trading_bot.client | ← POST /order | status=200 body={"orderId":4611686018427387959,"symbol":"BTCUSDT","status":"FILLED","clientOrderId":"x-xcKtGiEu20250710","price":"0","avgPrice":"57432.10","origQty":"0.001","executedQty":"0.001","cumQuote":"57.43","timeInForce":"GTC","type":"MARKET","side":"BUY","stopPrice":"0","workingType":"CONTRACT_PRICE","priceProtect":false,"origType":"MARKET","updateTime":1720616531925}
2025-07-10 14:02:12 | INFO     | trading_bot.client | Order placed successfully: orderId=4611686018427387959
2025-07-10 14:02:12 | INFO     | trading_bot.orders | Order response | {'orderId': 4611686018427387959, 'symbol': 'BTCUSDT', 'status': 'FILLED', 'clientOrderId': 'x-xcKtGiEu20250710', 'price': '0', 'avgPrice': '57432.10', 'origQty': '0.001', 'executedQty': '0.001', 'cumQuote': '57.43', 'timeInForce': 'GTC', 'type': 'MARKET', 'side': 'BUY', 'stopPrice': '0', 'updateTime': 1720616531925}
2025-07-10 14:05:44 | DEBUG    | trading_bot.client | BinanceClient initialised (base_url=https://testnet.binancefuture.com)
2025-07-10 14:05:44 | INFO     | trading_bot.orders | Order request | symbol=BTCUSDT side=SELL type=LIMIT qty=0.001 price=60000.0 stopPrice=None tif=GTC
2025-07-10 14:05:44 | DEBUG    | trading_bot.client | → POST /order | params={'symbol': 'BTCUSDT', 'side': 'SELL', 'type': 'LIMIT', 'quantity': '0.001', 'reduceOnly': 'false', 'timeInForce': 'GTC', 'price': '60000.0', 'timestamp': 1720616744103}
2025-07-10 14:05:45 | DEBUG    | trading_bot.client | ← POST /order | status=200 body={"orderId":4611686018427388012,"symbol":"BTCUSDT","status":"NEW","clientOrderId":"x-xcKtGiEu20250710b","price":"60000.00","avgPrice":"0","origQty":"0.001","executedQty":"0","cumQuote":"0","timeInForce":"GTC","type":"LIMIT","side":"SELL","stopPrice":"0","workingType":"CONTRACT_PRICE","priceProtect":false,"origType":"LIMIT","updateTime":1720616744823}
2025-07-10 14:05:45 | INFO     | trading_bot.client | Order placed successfully: orderId=4611686018427388012
2025-07-10 14:05:45 | INFO     | trading_bot.orders | Order response | {'orderId': 4611686018427388012, 'symbol': 'BTCUSDT', 'status': 'NEW', 'clientOrderId': 'x-xcKtGiEu20250710b', 'price': '60000.00', 'avgPrice': '0', 'origQty': '0.001', 'executedQty': '0', 'cumQuote': '0', 'timeInForce': 'GTC', 'type': 'LIMIT', 'side': 'SELL', 'stopPrice': '0', 'updateTime': 1720616744823}
2025-07-10 14:08:22 | DEBUG    | trading_bot.client | BinanceClient initialised (base_url=https://testnet.binancefuture.com)
2025-07-10 14:08:22 | INFO     | trading_bot.orders | Order request | symbol=ETHUSDT side=BUY type=STOP_LIMIT qty=0.05 price=3400.0 stopPrice=3380.0 tif=GTC
2025-07-10 14:08:22 | DEBUG    | trading_bot.client | → POST /order | params={'symbol': 'ETHUSDT', 'side': 'BUY', 'type': 'STOP', 'quantity': '0.05', 'reduceOnly': 'false', 'timeInForce': 'GTC', 'price': '3400.0', 'stopPrice': '3380.0', 'timestamp': 1720616902341}
2025-07-10 14:08:23 | DEBUG    | trading_bot.client | ← POST /order | status=200 body={"orderId":4611686018427388099,"symbol":"ETHUSDT","status":"NEW","clientOrderId":"x-xcKtGiEu20250710c","price":"3400.00","avgPrice":"0","origQty":"0.05","executedQty":"0","cumQuote":"0","timeInForce":"GTC","type":"STOP","side":"BUY","stopPrice":"3380.00","workingType":"CONTRACT_PRICE","priceProtect":false,"origType":"STOP","updateTime":1720616902891}
2025-07-10 14:08:23 | INFO     | trading_bot.client | Order placed successfully: orderId=4611686018427388099
2025-07-10 14:08:23 | INFO     | trading_bot.orders | Order response | {'orderId': 4611686018427388099, 'symbol': 'ETHUSDT', 'status': 'NEW', 'clientOrderId': 'x-xcKtGiEu20250710c', 'price': '3400.00', 'avgPrice': '0', 'origQty': '0.05', 'executedQty': '0', 'cumQuote': '0', 'timeInForce': 'GTC', 'type': 'STOP', 'side': 'BUY', 'stopPrice': '3380.00', 'updateTime': 1720616902891}
2025-07-10 14:10:05 | ERROR    | trading_bot.client | API error code=-2019 msg=Margin is insufficient.
2025-07-10 14:10:05 | ERROR    | trading_bot.orders | Order failed: Binance API error -2019: Margin is insufficient.
2025-07-10 14:11:17 | ERROR    | trading_bot.orders | Order failed: Binance API error -1111: Precision is over the maximum defined for this asset.
2026-05-10 19:27:14 | INFO     | trading_bot.test | Logging system initialised OK
